// Jest Snapshot v1, https://goo.gl/fbAQLP

exports[`ButtonStart should render correctly with snapshot 1`] = `
<styled.div>
  <h1>
    Memory Game
  </h1>
  <button
    className="start-button"
    onClick={[Function]}
  >
    Click to start
  </button>
</styled.div>
`;
