// Jest Snapshot v1, https://goo.gl/fbAQLP

exports[`MemoryGame should render 1`] = `<Connect(Cards) />`;
